// Jest Snapshot v1, https://goo.gl/fbAQLP

exports[`ImageCard with no data matches snapshot 1`] = `
<div
  className="column column-block text-center combo card"
  style={
    Object {
      "marginBottom": 0,
      "paddingBottom": "25px",
    }
  }
>
  <span
    className="image-icon"
    style={
      Object {
        "fontSize": "800%",
      }
    }
  >
    <img
      src=""
      style={
        Object {
          "width": "128px",
        }
      }
    />
  </span>
</div>
`;
