// Jest Snapshot v1, https://goo.gl/fbAQLP

exports[`ScatterPlot doesnâ€™t check for unique names in the same series or among different series 1`] = `ShallowWrapper {}`;

exports[`ScatterPlot matches snapshot with randomized series 1`] = `ShallowWrapper {}`;

exports[`ScatterPlot with no series matches snapshot 1`] = `ShallowWrapper {}`;
