// Jest Snapshot v1, https://goo.gl/fbAQLP

exports[`MultiStopGradient with random data matches snapshot 1`] = `
<div
  className="small-2 columns text-center"
>
  <small>
    <span>
      10000
    </span>
     
    TPM
  </small>
  <div
    className="gradient"
    style={
      Object {
        "background": "linear-gradient(0deg, rgb(215, 255, 255) 0%, rgb(128, 255, 255) 20%, rgb(0, 85, 225) 40%, rgb(0, 0, 115) 100%)",
        "height": "500px",
      }
    }
  >
    <div
      className="dimgray"
      style={
        Object {
          "top": "26px",
        }
      }
    >
      <small
        className="left"
      >
        <span>
          9997.45
        </span>
      </small>
    </div>
    <div
      className="dimgray"
      style={
        Object {
          "top": "487.57040149782796px",
        }
      }
    >
      <small
        className="left"
      >
        <span>
          3.64
        </span>
      </small>
    </div>
    <div
      className="lightgray"
      style={
        Object {
          "top": "424px",
        }
      }
    >
      <small
        className="right"
      >
        <span>
          10
        </span>
      </small>
    </div>
    <div
      className="lightgray"
      style={
        Object {
          "top": "324px",
        }
      }
    >
      <small
        className="right"
      >
        <span>
          100
        </span>
      </small>
    </div>
  </div>
  <div>
    <small>
      <span>
        0
      </span>
       
      TPM
    </small>
  </div>
</div>
`;
