// Jest Snapshot v1, https://goo.gl/fbAQLP

exports[`PlotSettingsDropdown with no data matches snapshot 1`] = `
<div
  className="css-10nd86i"
  onKeyDown={[Function]}
>
  <div
    className="css-12emboz"
    onMouseDown={[Function]}
    onTouchEnd={[Function]}
  >
    <div
      className="css-1hwfws3"
    >
      <div
        className="css-1492t68"
      >
        Select...
      </div>
      <div
        className="css-1g6gooi"
      >
        <div
          className=""
          style={
            Object {
              "display": "inline-block",
            }
          }
        >
          <input
            aria-autocomplete="list"
            autoCapitalize="none"
            autoComplete="off"
            autoCorrect="off"
            disabled={false}
            id="react-select-2-input"
            onBlur={[Function]}
            onChange={[Function]}
            onFocus={[Function]}
            spellCheck="false"
            style={
              Object {
                "background": 0,
                "border": 0,
                "boxSizing": "content-box",
                "color": "inherit",
                "fontSize": "inherit",
                "opacity": 1,
                "outline": 0,
                "padding": 0,
                "width": "1px",
              }
            }
            tabIndex="0"
            type="text"
            value=""
          />
          <div
            style={
              Object {
                "height": 0,
                "left": 0,
                "overflow": "scroll",
                "position": "absolute",
                "top": 0,
                "visibility": "hidden",
                "whiteSpace": "pre",
              }
            }
          >
            
          </div>
        </div>
      </div>
    </div>
    <div
      className="css-1wy0on6"
    >
      <span
        className="sc-bdVaJa hUYIaS"
        cx={[Function]}
      />
    </div>
  </div>
</div>
`;
