// Jest Snapshot v1, https://goo.gl/fbAQLP

exports[`FacetedSearchContainer matches snapshot 1`] = `
<div
  className="row expanded"
>
  <div
    className="small-12 medium-4 large-3 columns"
  >
    <div
      className="padding-bottom-xlarge"
    >
      <h4>
        Season
      </h4>
      <div>
        <input
          checked={false}
          disabled={false}
          onChange={[Function]}
          type="checkbox"
          value="1"
        />
        <label
          style={Object {}}
        >
          Season 1
        </label>
      </div>
      <div>
        <input
          checked={false}
          disabled={false}
          onChange={[Function]}
          type="checkbox"
          value="2"
        />
        <label
          style={Object {}}
        >
          Season 2
        </label>
      </div>
      <div>
        <input
          checked={false}
          disabled={false}
          onChange={[Function]}
          type="checkbox"
          value="3"
        />
        <label
          style={Object {}}
        >
          Season 3
        </label>
      </div>
    </div>
    <div
      className="padding-bottom-xlarge"
    >
      <h4>
        Guest character
      </h4>
      <div
        className="css-10nd86i"
        onKeyDown={[Function]}
      >
        <div
          className="css-12emboz"
          onMouseDown={[Function]}
          onTouchEnd={[Function]}
        >
          <div
            className="css-1hwfws3"
          >
            <div
              className="css-1492t68"
            >
              Select...
            </div>
            <div
              className="css-1g6gooi"
            >
              <div
                className=""
                style={
                  Object {
                    "display": "inline-block",
                  }
                }
              >
                <input
                  aria-autocomplete="list"
                  autoCapitalize="none"
                  autoComplete="off"
                  autoCorrect="off"
                  disabled={false}
                  id="react-select-10-input"
                  onBlur={[Function]}
                  onChange={[Function]}
                  onFocus={[Function]}
                  spellCheck="false"
                  style={
                    Object {
                      "background": 0,
                      "border": 0,
                      "boxSizing": "content-box",
                      "color": "inherit",
                      "fontSize": "inherit",
                      "opacity": 1,
                      "outline": 0,
                      "padding": 0,
                      "width": "1px",
                    }
                  }
                  tabIndex="0"
                  type="text"
                  value=""
                />
                <div
                  style={
                    Object {
                      "height": 0,
                      "left": 0,
                      "overflow": "scroll",
                      "position": "absolute",
                      "top": 0,
                      "visibility": "hidden",
                      "whiteSpace": "pre",
                    }
                  }
                >
                  
                </div>
              </div>
            </div>
          </div>
          <div
            className="css-1wy0on6"
          >
            <span
              className="sc-bdVaJa jcfyVD"
              cx={[Function]}
            />
          </div>
        </div>
      </div>
    </div>
    <div
      className="padding-bottom-xlarge"
    >
      <h4>
        Planet
      </h4>
      <div
        className="css-10nd86i"
        onKeyDown={[Function]}
      >
        <div
          className="css-12emboz"
          onMouseDown={[Function]}
          onTouchEnd={[Function]}
        >
          <div
            className="css-1hwfws3"
          >
            <div
              className="css-1492t68"
            >
              Select...
            </div>
            <div
              className="css-1g6gooi"
            >
              <div
                className=""
                style={
                  Object {
                    "display": "inline-block",
                  }
                }
              >
                <input
                  aria-autocomplete="list"
                  autoCapitalize="none"
                  autoComplete="off"
                  autoCorrect="off"
                  disabled={false}
                  id="react-select-11-input"
                  onBlur={[Function]}
                  onChange={[Function]}
                  onFocus={[Function]}
                  spellCheck="false"
                  style={
                    Object {
                      "background": 0,
                      "border": 0,
                      "boxSizing": "content-box",
                      "color": "inherit",
                      "fontSize": "inherit",
                      "opacity": 1,
                      "outline": 0,
                      "padding": 0,
                      "width": "1px",
                    }
                  }
                  tabIndex="0"
                  type="text"
                  value=""
                />
                <div
                  style={
                    Object {
                      "height": 0,
                      "left": 0,
                      "overflow": "scroll",
                      "position": "absolute",
                      "top": 0,
                      "visibility": "hidden",
                      "whiteSpace": "pre",
                    }
                  }
                >
                  
                </div>
              </div>
            </div>
          </div>
          <div
            className="css-1wy0on6"
          >
            <span
              className="sc-bdVaJa jcfyVD"
              cx={[Function]}
            />
          </div>
        </div>
      </div>
    </div>
  </div>
  <div
    className="small-12 medium-8 large-9 columns"
  >
    <div>
      <h4>
        
      </h4>
      <div>
        <div>
          <p>
            Raising Gazorpazorp
          </p>
        </div>
      </div>
      <div>
        <div>
          <p>
            The wedding squanchers
          </p>
        </div>
      </div>
      <div>
        <div>
          <p>
            The Rickshank redemption
          </p>
        </div>
      </div>
      <div>
        <div>
          <p>
            Ricksy business
          </p>
        </div>
      </div>
      <div>
        <div>
          <p>
            Close Rick-counters of the Rick kind
          </p>
        </div>
      </div>
    </div>
  </div>
</div>
`;
