// Jest Snapshot v1, https://goo.gl/fbAQLP

exports[`MultiselectDropdownFacetGroup matches snapshot 1`] = `
<div
  className="padding-bottom-xlarge"
>
  <h4>
    Planet
    <sup>
      <span
        className="icon icon-generic"
        data-html={true}
        data-icon="i"
        data-tip="<span>Planets where events in this episode take<br>place</span>"
        style={
          Object {
            "color": "lightgrey",
            "fontSize": "smaller",
          }
        }
      />
    </sup>
  </h4>
  <div
    className="css-1pcexqc-container"
    onKeyDown={[Function]}
  >
    <div
      className="css-12emboz"
      onMouseDown={[Function]}
      onTouchEnd={[Function]}
    >
      <div
        className="css-1hwfws3"
      >
        <div
          className="css-151xaom-placeholder"
        >
          Select...
        </div>
        <div
          className="css-1g6gooi"
        >
          <div
            className=""
            style={
              Object {
                "display": "inline-block",
              }
            }
          >
            <input
              aria-autocomplete="list"
              autoCapitalize="none"
              autoComplete="off"
              autoCorrect="off"
              disabled={false}
              id="facetGroupMultiSelectDropdown"
              onBlur={[Function]}
              onChange={[Function]}
              onFocus={[Function]}
              spellCheck="false"
              style={
                Object {
                  "background": 0,
                  "border": 0,
                  "boxSizing": "content-box",
                  "color": "inherit",
                  "fontSize": "inherit",
                  "label": "input",
                  "opacity": 1,
                  "outline": 0,
                  "padding": 0,
                  "width": "1px",
                }
              }
              tabIndex="0"
              type="text"
              value=""
            />
            <div
              style={
                Object {
                  "height": 0,
                  "left": 0,
                  "overflow": "scroll",
                  "position": "absolute",
                  "top": 0,
                  "visibility": "hidden",
                  "whiteSpace": "pre",
                }
              }
            >
              
            </div>
          </div>
        </div>
      </div>
      <div
        className="css-1wy0on6"
      >
        <span
          className="sc-bxivhb iCJrRm"
          cx={[Function]}
        />
      </div>
    </div>
  </div>
</div>
`;
