// Jest Snapshot v1, https://goo.gl/fbAQLP

exports[`GeneSearchForm matches snapshot 1`] = `
<form
  action="foo/bar"
  method="post"
>
  <div
    className=""
  >
    <div
      className=""
    >
      <div>
        <label
          htmlFor="geneQuery"
        >
          Gene ID or gene symbol
        </label>
        ,
        <div
          className="css-10nd86i"
          onKeyDown={[Function]}
        >
          <div
            className="css-12emboz"
            onMouseDown={[Function]}
            onTouchEnd={[Function]}
          >
            <div
              className="css-1hwfws3"
            >
              <div
                className="css-1492t68"
              >
                
              </div>
              <div
                className="css-1g6gooi"
              >
                <div
                  className=""
                  style={
                    Object {
                      "display": "inline-block",
                    }
                  }
                >
                  <input
                    aria-autocomplete="list"
                    autoCapitalize="none"
                    autoComplete="off"
                    autoCorrect="off"
                    disabled={false}
                    id="react-select-8-input"
                    onBlur={[Function]}
                    onChange={[Function]}
                    onFocus={[Function]}
                    spellCheck="false"
                    style={
                      Object {
                        "background": 0,
                        "border": 0,
                        "boxSizing": "content-box",
                        "color": "inherit",
                        "fontSize": "inherit",
                        "opacity": 1,
                        "outline": 0,
                        "padding": 0,
                        "width": "1px",
                      }
                    }
                    tabIndex="0"
                    type="text"
                    value=""
                  />
                  <div
                    style={
                      Object {
                        "height": 0,
                        "left": 0,
                        "overflow": "scroll",
                        "position": "absolute",
                        "top": 0,
                        "visibility": "hidden",
                        "whiteSpace": "pre",
                      }
                    }
                  >
                    
                  </div>
                </div>
              </div>
            </div>
            <div
              className="css-1wy0on6"
            />
          </div>
          <input
            name="geneQuery"
            type="hidden"
            value=""
          />
        </div>
      </div>
    </div>
    <div
      className=""
    >
      <div>
        <label
          htmlFor="species"
        >
          Species
        </label>
        <div
          className="css-10nd86i"
          onKeyDown={[Function]}
        >
          <div
            className="css-12emboz"
            onMouseDown={[Function]}
            onTouchEnd={[Function]}
          >
            <div
              className="css-1hwfws3"
            >
              <div
                className="css-xp4uvy"
              >
                Any
              </div>
              <input
                className="css-14uuagi"
                id="react-select-9-input"
                onBlur={[Function]}
                onChange={[Function]}
                onFocus={[Function]}
                readOnly={true}
                tabIndex="0"
                value=""
              />
            </div>
            <div
              className="css-1wy0on6"
            >
              <span
                className="sc-bdVaJa jcfyVD"
                cx={[Function]}
              />
            </div>
          </div>
          <input
            name="species"
            type="hidden"
            value=""
          />
        </div>
      </div>
    </div>
  </div>
  <div
    className=""
  >
    <div
      className="small-12 columns"
    >
      <button
        className="button"
        disabled={true}
        type="Submit"
      >
        Search
      </button>
    </div>
  </div>
</form>
`;
