// Jest Snapshot v1, https://goo.gl/fbAQLP

exports[`LabelledSelect matches snapshot 1`] = `
<div>
  <label
    htmlFor="Species"
  >
    Species
  </label>
  <div
    className="css-1pcexqc-container"
    onKeyDown={[Function]}
  >
    <div
      className="css-12emboz"
      onMouseDown={[Function]}
      onTouchEnd={[Function]}
    >
      <div
        className="css-1hwfws3"
      >
        <div
          className="css-dvua67-singleValue"
        >
          Any
        </div>
        <input
          className="css-gj7qu5-dummyInput"
          disabled={false}
          id="Species-input"
          onBlur={[Function]}
          onChange={[Function]}
          onFocus={[Function]}
          readOnly={true}
          tabIndex="0"
          value=""
        />
      </div>
      <div
        className="css-1wy0on6"
      >
        <span
          className="sc-bdVaJa jcfyVD"
          cx={[Function]}
        />
      </div>
    </div>
    <input
      name="Species"
      type="hidden"
      value=""
    />
  </div>
</div>
`;
