// Jest Snapshot v1, https://goo.gl/fbAQLP

exports[`SearchExamples matches snapshot 1`] = `
<p
  style={
    Object {
      "fontSize": "smaller",
    }
  }
>
  Examples:
  <span>
     
    <a
      href="http://rickandmorty.wikia.com/wiki/Special:Search?query=Rick+Sanchez"
    >
      Rick Sanchez
    </a>
    , 
  </span>
  <span>
    <a
      href="http://rickandmorty.wikia.com/wiki/Special:Search?query=Unity"
    >
      Unity
    </a>
    , 
  </span>
  <span>
    <a
      href="http://rickandmorty.wikia.com/wiki/Special:Search?query=Galactic+Federation"
    >
      Galactic Federation
    </a>
    , 
  </span>
  <span>
    <a
      href="http://rickandmorty.wikia.com/wiki/Special:Search?query=Blemflarck"
    >
      Blemflarck
    </a>
    , 
  </span>
  <span>
    <a
      href="http://rickandmorty.wikia.com/wiki/Special:Search?query=anatomy"
    >
      anatomy
    </a>
  </span>
</p>
`;
