// Jest Snapshot v1, https://goo.gl/fbAQLP

exports[`SpeciesSelect matches snapshot 1`] = `
<div>
  <label
    htmlFor="species"
  >
    Species
  </label>
  <div
    className="css-10nd86i"
    onKeyDown={[Function]}
  >
    <div
      className="css-12emboz"
      onMouseDown={[Function]}
      onTouchEnd={[Function]}
    >
      <div
        className="css-1hwfws3"
      >
        <div
          className="css-xp4uvy"
        >
          Any
        </div>
        <input
          className="css-14uuagi"
          id="react-select-2-input"
          onBlur={[Function]}
          onChange={[Function]}
          onFocus={[Function]}
          readOnly={true}
          tabIndex="0"
          value=""
        />
      </div>
      <div
        className="css-1wy0on6"
      >
        <span
          className="sc-bdVaJa jcfyVD"
          cx={[Function]}
        />
      </div>
    </div>
    <input
      name="species"
      type="hidden"
      value=""
    />
  </div>
</div>
`;
