// Jest Snapshot v1, https://goo.gl/fbAQLP

exports[`CalloutAlert matches snapshot 1`] = `
<div
  className="row column"
>
  <div
    className="callout alert small"
  >
    <h5>
      Oops!
    </h5>
    <p>
      A human-readable description of the error, hopefully useful to the user
      <br />
      If the error persists, in order to help us debug the issue, please copy the URL and this message and send it to us via 
      <a
        href="https://www.ebi.ac.uk/support/gxasc"
      >
        the EBI Support & Feedback system
      </a>
      :
    </p>
    <code>
      Error name: Error message
    </code>
  </div>
</div>
`;
