// Jest Snapshot v1, https://goo.gl/fbAQLP

exports[`MyComponent matches snapshot 1`] = `
<div
  className="foo"
  role="heading"
>
  Bar
</div>
`;
