// Jest Snapshot v1, https://goo.gl/fbAQLP

exports[`Prompt matches snapshot 1`] = `
<div>
  <p
    style={
      Object {
        "paddingBottom": "1rem",
      }
    }
  >
    Choose file types...
  </p>
  <div
    style={
      Object {
        "display": "flex",
      }
    }
  >
    <input
      checked={true}
      className="checkbox"
      id="file1"
      onChange={[Function]}
      type="checkbox"
    />
    <p
      id="File type 1"
      style={
        Object {
          "paddingBottom": "1rem",
          "paddingLeft": "1rem",
        }
      }
    >
      File type 1
    </p>
  </div>
  <div
    style={
      Object {
        "display": "flex",
      }
    }
  >
    <input
      checked={true}
      className="checkbox"
      id="file-2"
      onChange={[Function]}
      type="checkbox"
    />
    <p
      id="File type 2"
      style={
        Object {
          "paddingBottom": "1rem",
          "paddingLeft": "1rem",
        }
      }
    >
      File type 2
    </p>
  </div>
  <div
    style={
      Object {
        "display": "flex",
      }
    }
  >
    <input
      checked={true}
      className="checkbox"
      id="file-type3"
      onChange={[Function]}
      type="checkbox"
    />
    <p
      id="File type 3"
      style={
        Object {
          "paddingBottom": "1rem",
          "paddingLeft": "1rem",
        }
      }
    >
      File type 3
    </p>
  </div>
</div>
`;
