// Jest Snapshot v1, https://goo.gl/fbAQLP

exports[`Emojione matches snapshot 1`] = `
<span
  id="grin"
  onClick={[Function]}
  onMouseEnter={[Function]}
  onMouseLeave={[Function]}
  style={
    Object {
      "fontSize": "40px",
    }
  }
>
  😁
</span>
`;
