// Jest Snapshot v1, https://goo.gl/fbAQLP

exports[`SmileyDiv matches snapshot 1`] = `
<div>
  <div
    className="sc-bdVaJa cYkeeX"
    label="Terrible"
    onClick={[Function]}
    selected={true}
  />
  <div
    className="sc-bdVaJa gMDgTM"
    label="Bad"
    onClick={[Function]}
    selected={true}
  />
  <div
    className="sc-bdVaJa qXzDJ"
    label="Okay"
    onClick={[Function]}
    selected={true}
  />
  <div
    className="sc-bdVaJa kWXEUb"
    label="Good"
    onClick={[Function]}
    selected={true}
  />
  <div
    className="sc-bdVaJa buQGKf"
    label="Great"
    onClick={[Function]}
    selected={true}
  />
  <div
    className="sc-bdVaJa HHxyE"
    label="Terrible"
    onClick={[Function]}
    selected={false}
  />
  <div
    className="sc-bdVaJa crhCQw"
    label="Bad"
    onClick={[Function]}
    selected={false}
  />
  <div
    className="sc-bdVaJa iyzqPF"
    label="Okay"
    onClick={[Function]}
    selected={false}
  />
  <div
    className="sc-bdVaJa dMybav"
    label="Good"
    onClick={[Function]}
    selected={false}
  />
  <div
    className="sc-bdVaJa fRkOYZ"
    label="Great"
    onClick={[Function]}
    selected={false}
  />
</div>
`;
